  SYNC    include/config/auto.conf
  DTC     arch/arm64/boot/dts/qcom/sm8150-samurai.dtb
  UPD     init/utsversion-tmp.h
  CC      init/do_mounts.o
  CC      ipc/mqueue.o
  CC      security/security.o
  CC      arch/arm64/kernel/stacktrace.o
  CC      fs/select.o
  CC      kernel/pid.o
  CC      mm/memcontrol.o
  CC      crypto/algapi.o
  CC      init/version.o
  AR      arch/arm64/kernel/built-in.a
  CC      kernel/extable.o
  CC      arch/arm64/net/bpf_jit_comp.o
  CC      crypto/geniv.o
  AR      ipc/built-in.a
  AR      init/built-in.a
  CC      fs/file.o
  CC      security/lsm_audit.o
  CC      security/device_cgroup.o
  CC      io_uring/io_uring.o
  CC      crypto/algboss.o
  CC      kernel/power/em_netlink.o
  AR      security/built-in.a
  CC      crypto/crypto_user.o
  CC      fs/eventpoll.o
  CC      lib/kobject_uevent.o
  AR      kernel/power/built-in.a
  CC      kernel/kallsyms.o
  AR      mm/built-in.a
  CC      net/devres.o
  AR      arch/arm64/net/built-in.a
  AR      arch/arm64/built-in.a
  CC      net/socket.o
  CC      crypto/ctr.o
  CC      lib/vsprintf.o
  CC      kernel/cgroup/cgroup.o
  CC      io_uring/notif.o
  CC      crypto/gcm.o
  CC      drivers/soc/qcom/qcom_pd_mapper.o
  CC      fs/nfs_common/nfs_ssc.o
  CC      net/core/sock.o
  CC      drivers/soc/qcom/qcom_pdr_msg.o
  CC      io_uring/poll.o
  CC      crypto/ccm.o
  AR      fs/nfs_common/built-in.a
  CC      fs/coredump.o
  CC      drivers/soc/qcom/qmi_encdec.o
  CC      net/compat.o
  CC      crypto/aes.o
  CC      drivers/soc/qcom/qmi_interface.o
  CC      lib/debug_info.o
  CC      io_uring/wait.o
  CC      crypto/authenc.o
  CC      crypto/authencesn.o
  AR      drivers/soc/qcom/built-in.a
  CC      fs/proc/proc_sysctl.o
  AR      drivers/soc/built-in.a
  CC      lib/crypto/arc4.o
  CC      io_uring/sqpoll.o
  CC      net/core/skbuff.o
  AR      kernel/cgroup/built-in.a
  UPD     kernel/config_data
  CC      kernel/audit.o
  CC      net/core/datagram.o
  AR      lib/crypto/built-in.a
  CC      crypto/krb5enc.o
  CC      lib/dynamic_queue_limits.o
  AR      fs/proc/built-in.a
  CC      crypto/krb5/rfc3961_simplified.o
  CC      lib/dim/net_dim.o
  CC      io_uring/register.o
  CC      fs/nfs/client.o
  CC      fs/nfs/dir.o
  CC      drivers/base/core.o
  CC      kernel/auditfilter.o
  AR      lib/dim/built-in.a
  AR      lib/lib.a
  AR      crypto/krb5/built-in.a
  AR      crypto/built-in.a
  AR      lib/built-in.a
  CC      net/ethernet/eth.o
  CC      fs/nfs/file.o
  CC      io_uring/zcrx.o
  CC      net/sched/sch_generic.o
  CC      kernel/seccomp.o
  AR      net/ethernet/built-in.a
  CC      net/sched/sch_mq.o
  CC      net/sched/sch_frag.o
  AR      drivers/base/built-in.a
  CC      fs/nfs/getroot.o
  CC      net/core/stream.o
  CC      net/sched/sch_api.o
  CC      io_uring/napi.o
  CC      kernel/trace/bpf_trace.o
  CC      drivers/net/loopback.o
  CC      net/core/scm.o
  CC      drivers/net/phy/stubs.o
  CC      fs/nfs/inode.o
  CC      fs/nfs/super.o
  CC      drivers/net/phy/phy.o
  CC      fs/nfs/io.o
  CC      io_uring/net.o
  CC      net/core/gen_stats.o
  CC      net/sched/sch_blackhole.o
  CC      net/sched/cls_api.o
  CC      fs/nfs/direct.o
  CC      net/core/gen_estimator.o
  CC      fs/lockd/clntlock.o
  CC      drivers/net/phy/phy-c45.o
  CC      fs/lockd/clntproc.o
  CC      io_uring/cmd_net.o
  CC      kernel/trace/trace_uprobe.o
  CC      net/core/net_namespace.o
  CC      fs/lockd/clntxdr.o
  CC      fs/nfs/pagelist.o
  CC      drivers/net/phy/phy_device.o
  CC      io_uring/bpf_filter.o
  CC      fs/nfs/read.o
  CC      net/sched/act_api.o
  CC      fs/lockd/host.o
  AR      kernel/trace/built-in.a
  CC      net/core/secure_seq.o
  AR      io_uring/built-in.a
  CC      net/sched/sch_fifo.o
  CC      kernel/bpf/core.o
  CC      kernel/events/core.o
  CC      fs/nfs/symlink.o
  CC      fs/lockd/svc.o
  CC      drivers/net/phy/phy_link_topology.o
  CC      net/core/flow_dissector.o
  CC      net/core/sysctl_net_core.o
  AR      net/sched/built-in.a
  CC      fs/lockd/svclock.o
  CC      fs/nfs/unlink.o
  CC      drivers/net/phy/mdio_bus_provider.o
  CC      fs/nfs/write.o
  CC      fs/nfs/namespace.o
  CC      fs/lockd/svcshare.o
  CC      net/core/dev.o
  CC      drivers/net/phy/open_alliance_helpers.o
  CC      fs/nfs/mount_clnt.o
  CC      kernel/bpf/syscall.o
  CC      kernel/bpf/verifier.o
  CC      fs/lockd/svcproc.o
  CC      drivers/net/phy/dp83867.o
  CC      fs/nfs/nfstrace.o
  CC      drivers/net/mdio/of_mdio.o
  CC      fs/lockd/svcsubs.o
  CC      drivers/net/phy/dp83td510.o
  AR      drivers/net/mdio/built-in.a
  CC      fs/nfs/export.o
  CC      drivers/net/phy/fixed_phy.o
  CC      fs/lockd/mon.o
  AR      kernel/events/built-in.a
  CC      fs/nfs/sysfs.o
  CC      fs/nfs/fs_context.o
  CC      drivers/net/tun.o
  CC      drivers/net/phy/marvell10g.o
  CC      fs/lockd/trace.o
  CC      drivers/net/virtio_net.o
  CC      net/core/dev_api.o
  CC      drivers/net/phy/marvell-88q2xxx.o
  CC      fs/lockd/nlm3xdr_gen.o
  CC      fs/nfs/nfsroot.o
  CC      net/core/dev_addr_lists.o
  CC      drivers/net/phy/micrel.o
  CC      fs/nfs/sysctl.o
  CC      fs/lockd/clnt4xdr.o
  CC      fs/lockd/svc4proc.o
  CC      fs/lockd/nlm4xdr_gen.o
  CC      net/core/dst.o
  CC      fs/nfs/nfs3super.o
  CC      fs/nfs/nfs3client.o
  CC      kernel/bpf/inode.o
  AR      fs/lockd/built-in.a
  CC      kernel/bpf/helpers.o
  CC      net/core/netevent.o
  CC      drivers/net/phy/mscc/mscc_main.o
  CC      net/core/neighbour.o
  CC      fs/nfs/nfs3proc.o
  CC      fs/nfs/nfs3xdr.o
  CC      fs/nfs/nfs4proc.o
  CC      fs/nfs/nfs4xdr.o
  CC      net/netlink/af_netlink.o
  CC      drivers/net/wireless/ath/ath10k/mac.o
  AR      drivers/net/phy/mscc/built-in.a
  CC      drivers/net/phy/qcom/qcom-phy-lib.o
  CC      drivers/net/wireless/ath/ath10k/debug.o
  CC      kernel/bpf/log.o
  CC      net/core/rtnetlink.o
  CC      drivers/net/phy/qcom/at803x.o
  CC      kernel/bpf/liveness.o
  CC      net/netlink/genetlink.o
  CC      kernel/bpf/const_fold.o
  AR      drivers/net/phy/qcom/built-in.a
  CC      drivers/net/phy/realtek/realtek_main.o
  CC      net/bpf/test_run.o
  CC      net/bpf/bpf_dummy_struct_ops.o
  AR      net/netlink/built-in.a
  CC      fs/nfs/nfs4state.o
  CC      kernel/bpf/diagnostics.o
  AR      drivers/net/phy/realtek/built-in.a
  CC      drivers/net/phy/rockchip.o
  CC      drivers/net/wireless/ath/ath10k/core.o
  CC      drivers/net/wireless/ath/ath10k/htc.o
  CC      drivers/net/wireless/ath/ath10k/htt.o
  CC      net/core/utils.o
  AR      drivers/net/phy/built-in.a
  CC      net/core/link_watch.o
  AR      net/bpf/built-in.a
  CC      drivers/net/wireless/ath/main.o
  AR      drivers/net/wireless/virtual/built-in.a
  CC      drivers/net/wireless/ath/ath10k/htt_rx.o
  CC      kernel/bpf/bpf_iter.o
  CC      kernel/bpf/map_iter.o
  CC      fs/nfs/nfs4renewd.o
  CC      drivers/net/wireless/ath/ath10k/htt_tx.o
  CC      drivers/net/wireless/ath/ath10k/txrx.o
  CC      net/core/filter.o
  CC      drivers/net/wireless/ath/ath10k/wmi.o
  CC      drivers/net/wireless/ath/ath10k/wmi-tlv.o
  CC      kernel/bpf/task_iter.o
  CC      fs/nfs/nfs4super.o
  CC      fs/nfs/nfs4file.o
  CC      fs/nfs/delegation.o
  CC      kernel/bpf/prog_iter.o
  CC      net/ethtool/ioctl.o
  CC      drivers/net/xen-netfront.o
  CC      net/ethtool/common.o
  CC      kernel/bpf/link_iter.o
  CC      drivers/net/net_failover.o
  CC      fs/nfs/nfs4idmap.o
  CC      kernel/bpf/hashtab.o
  CC      kernel/bpf/arraymap.o
  CC      net/core/sock_diag.o
  CC      net/netfilter/core.o
  CC      drivers/net/wireless/ath/ath10k/bmi.o
  CC      fs/nfs/callback.o
  CC      net/ethtool/netlink.o
  CC      fs/nfs/callback_xdr.o
  CC      net/core/dev_ioctl.o
  CC      drivers/net/wireless/ath/ath10k/hw.o
  CC      net/netfilter/nf_log.o
  CC      net/core/tso.o
  CC      drivers/net/wireless/ath/ath10k/p2p.o
  CC      net/ethtool/bitset.o
  CC      net/netfilter/nf_queue.o
  CC      fs/nfs/callback_proc.o
  CC      net/core/sock_reuseport.o
  CC      kernel/bpf/lpm_trie.o
  CC      net/core/fib_notifier.o
  CC      drivers/net/wireless/ath/ath10k/swap.o
  CC      net/ipv4/route.o
  CC      net/ethtool/strset.o
  CC      net/ipv4/inetpeer.o
  CC      net/netfilter/nf_sockopt.o
  CC      kernel/bpf/local_storage.o
  CC      drivers/net/wireless/ath/ath10k/thermal.o
  CC      net/core/xdp.o
  CC      fs/nfs/nfs4namespace.o
  CC      net/ethtool/linkinfo.o
  CC      net/netfilter/utils.o
  CC      net/netfilter/nf_bpf_link.o
  CC      drivers/net/wireless/ath/ath10k/leds.o
  CC      kernel/bpf/ringbuf.o
  CC      fs/nfs/nfs4getroot.o
  CC      net/ethtool/linkmodes.o
  CC      net/core/flow_offload.o
  CC      net/ipv4/protocol.o
  CC      net/ipv4/ip_input.o
  AR      net/netfilter/built-in.a
  CC      net/ipv4/ip_fragment.o
  CC      drivers/net/wireless/ath/ath10k/wow.o
  CC      kernel/bpf/bpf_local_storage.o
  CC      fs/nfs/nfs4client.o
  CC      fs/nfs/nfs4session.o
  CC      net/ethtool/rss.o
  CC      net/core/gro.o
  CC      net/core/netdev-genl.o
  CC      drivers/net/wireless/ath/ath10k/coredump.o
  CC      net/ipv4/ip_forward.o
  CC      net/ipv4/ip_options.o
  CC      kernel/bpf/bpf_task_storage.o
  CC      fs/nfs/dns_resolve.o
  CC      net/ethtool/linkstate.o
  CC      fs/nfs/nfs4trace.o
  CC      drivers/net/wireless/ath/ath10k/ce.o
  CC      drivers/net/wireless/ath/ath10k/qmi.o
  CC      drivers/net/wireless/ath/ath10k/qmi_wlfw_v01.o
  CC      kernel/bpf/fixups.o
  CC      net/core/netdev_work.o
  CC      net/ethtool/debug.o
  CC      net/ipv4/ip_output.o
  CC      net/ethtool/wol.o
  CC      net/core/gso.o
  CC      drivers/net/wireless/ath/ath10k/snoc.o
  CC      kernel/bpf/cfg.o
  CC      net/ethtool/features.o
  CC      kernel/bpf/states.o
  CC      net/core/net-sysfs.o
  CC      net/core/hotdata.o
  CC      net/ipv4/ip_sockglue.o
  CC      net/ethtool/privflags.o
  CC      net/ethtool/rings.o
  AR      drivers/net/wireless/ath/ath10k/built-in.a
  CC      drivers/net/wireless/ath/regd.o
  CC      kernel/bpf/backtrack.o
  CC      kernel/bpf/check_btf.o
  CC      net/ethtool/channels.o
  CC      drivers/net/wireless/ath/hw.o
  CC      drivers/usb/gadget/function/u_ether.o
  CC      drivers/usb/gadget/function/f_ncm.o
  CC      net/core/netdev_config.o
  CC      kernel/bpf/trampoline.o
  CC      net/ipv4/inet_hashtables.o
  CC      net/ethtool/coalesce.o
  CC      fs/nfs/pnfs.o
  CC      drivers/net/wireless/ath/key.o
  CC      net/core/netdev_rx_queue.o
  CC      fs/nfs/pnfs_dev.o
  CC      drivers/usb/gadget/function/f_ecm.o
  CC      kernel/bpf/btf.o
  CC      net/ethtool/pause.o
  CC      net/core/netdev_queues.o
  CC      drivers/net/wireless/ath/dfs_pattern_detector.o
  CC      net/ipv4/inet_timewait_sock.o
  CC      drivers/usb/gadget/function/f_eem.o
  CC      net/ipv4/inet_connection_sock.o
  CC      net/ethtool/eee.o
  CC      drivers/net/wireless/ath/dfs_pri_detector.o
  CC      net/core/page_pool.o
  CC      fs/nfs/pnfs_nfs.o
  CC      drivers/usb/gadget/function/f_subset.o
  CC      net/ethtool/tsinfo.o
  CC      net/ipv4/tcp.o
  AR      drivers/net/wireless/ath/built-in.a
  AR      drivers/net/wireless/built-in.a
  AR      drivers/net/built-in.a
  CC      net/ipv4/tcp_input.o
  CC      net/ipv4/tcp_output.o
  CC      drivers/usb/gadget/function/f_rndis.o
  CC      net/core/page_pool_user.o
  CC      net/ethtool/cabletest.o
  CC      fs/nfs/nfs4sysctl.o
  CC      drivers/usb/gadget/function/rndis.o
  CC      net/ethtool/tunnels.o
  CC      net/core/net-procfs.o
  CC      fs/nfs/nfs40client.o
  CC      kernel/bpf/stream.o
  AR      drivers/usb/gadget/function/built-in.a
  AR      drivers/usb/gadget/built-in.a
  AR      drivers/usb/built-in.a
  CC      net/core/net-traces.o
  CC      net/ethtool/fec.o
  CC      fs/nfs/nfs40proc.o
  CC      net/ethtool/eeprom.o
  CC      net/ipv4/tcp_timer.o
  CC      kernel/bpf/arena.o
  CC      fs/nfs/nfs42proc.o
  CC      net/ethtool/stats.o
  CC      net/ethtool/phc_vclocks.o
  CC      net/ipv4/tcp_ipv4.o
  CC      net/ethtool/mm.o
  CC      kernel/bpf/dispatcher.o
  CC      drivers/remoteproc/qcom_pil_info.o
  CC      net/ethtool/module.o
  CC      net/ethtool/cmis_fw_update.o
  CC      drivers/remoteproc/qcom_common.o
  CC      kernel/bpf/devmap.o
  CC      kernel/bpf/cpumap.o
  CC      fs/nfs/nfs42xattr.o
  CC      fs/nfs/filelayout/filelayout.o
  CC      net/ethtool/cmis_cdb.o
  CC      drivers/remoteproc/qcom_q6v5.o
  CC      drivers/remoteproc/qcom_q6v5_pas.o
  CC      drivers/remoteproc/qcom_sysmon.o
  CC      net/unix/af_unix.o
  CC      net/ipv4/tcp_minisocks.o
  CC      net/core/selftests.o
  CC      kernel/bpf/offload.o
  CC      net/ethtool/pse-pd.o
  CC      fs/nfs/filelayout/filelayoutdev.o
  CC      net/ethtool/plca.o
  AR      drivers/remoteproc/built-in.a
  CC      drivers/rpmsg/qcom_glink_ssr.o
  CC      net/ethtool/phy.o
  CC      net/core/ptp_classifier.o
  CC      drivers/rpmsg/qcom_glink_smem.o
  CC      kernel/bpf/net_namespace.o
  CC      net/ipv4/tcp_cong.o
  CC      net/ipv4/tcp_metrics.o
  AR      fs/nfs/filelayout/built-in.a
  CC      fs/nfs/flexfilelayout/flexfilelayout.o
  AR      drivers/rpmsg/built-in.a
  CC      net/ethtool/tsconfig.o
  CC      net/core/dst_cache.o
  CC      net/unix/garbage.o
  CC      kernel/bpf/tcx.o
  CC      net/ipv4/tcp_fastopen.o
  CC      net/unix/sysctl_net_unix.o
  AR      drivers/built-in.a
  CC      net/ethtool/mse.o
  CC      net/core/gro_cells.o
  CC      net/core/failover.o
  CC      kernel/bpf/stackmap.o
  CC      net/unix/unix_bpf.o
  CC      fs/nfs/flexfilelayout/flexfilelayoutdev.o
  CC      net/ipv4/tcp_recovery.o
  AR      net/ethtool/built-in.a
  CC      net/core/skmsg.o
  CC      net/ipv4/tcp_ulp.o
  CC      net/ipv4/tcp_offload.o
  CC      kernel/bpf/bpf_cgrp_storage.o
  AR      net/unix/built-in.a
  CC      kernel/bpf/cgroup.o
  CC      kernel/bpf/reuseport_array.o
  AR      fs/nfs/flexfilelayout/built-in.a
  AR      fs/nfs/built-in.a
  AR      fs/built-in.a
  CC      kernel/bpf/bpf_struct_ops.o
  CC      net/core/sock_map.o
  CC      net/ipv4/tcp_plb.o
  CC      net/core/bpf_sk_storage.o
  CC      net/core/bpf_ksock.o
  CC      net/ipv4/datagram.o
  CC      net/ipv4/raw.o
  CC      net/core/of_net.o
  CC      net/ipv4/udp.o
  CC      net/ipv4/udp_offload.o
  CC      kernel/bpf/crypto.o
  CC      net/ipv4/arp.o
  CC      kernel/bpf/relo_core.o
  GZIP    kernel/config_data.gz
  CC      net/core/devmem.o
  CC      kernel/configs.o
  CC      kernel/bpf/btf_relocate.o
  CC      net/ipv4/icmp.o
  CC      net/ipv4/devinet.o
  CC      net/ipv4/af_inet.o
  CC      net/ipv4/igmp.o
  CC      net/ipv4/fib_frontend.o
  AR      kernel/bpf/built-in.a
  AR      kernel/built-in.a
  AR      net/core/built-in.a
  CC      net/ipv4/fib_semantics.o
  CC      net/ipv6/af_inet6.o
  CC      net/packet/af_packet.o
  CC      net/devlink/core.o
  CC      net/dsa/stubs.o
  CC      net/devlink/netlink.o
  CC      net/sunrpc/clnt.o
  CC      net/ipv6/anycast.o
  CC      net/sunrpc/xprt.o
  CC      net/ipv4/fib_trie.o
  AR      net/dsa/built-in.a
  CC      net/ipv4/fib_notifier.o
  CC      net/sunrpc/socklib.o
  CC      net/devlink/dev.o
  CC      net/ipv6/ip6_output.o
  CC      net/ipv6/ip6_input.o
  CC      net/ipv6/addrconf.o
  CC      net/ipv6/addrlabel.o
  AR      net/packet/built-in.a
  CC      net/ipv6/route.o
  CC      net/ipv4/inet_fragment.o
  CC      net/sunrpc/xprtsock.o
  CC      net/devlink/port.o
  CC      net/ipv6/ip6_fib.o
  CC      net/devlink/sb.o
  CC      net/ipv4/ping.o
  CC      net/ipv4/ip_tunnel_core.o
  CC      net/ipv6/ipv6_sockglue.o
  CC      net/devlink/dpipe.o
  CC      net/sunrpc/sched.o
  CC      net/devlink/resource.o
  CC      net/ipv6/ndisc.o
  CC      net/ipv4/gre_offload.o
  CC      net/ipv4/metrics.o
  CC      net/ipv4/netlink.o
  CC      net/8021q/vlan_core.o
  CC      net/wireless/core.o
  CC      net/devlink/param.o
  CC      net/devlink/region.o
  CC      net/wireless/sysfs.o
  CC      net/ipv4/nexthop.o
  CC      net/ipv6/udp.o
  AR      net/8021q/built-in.a
  CC      net/ipv4/udp_tunnel_stub.o
  CC      net/mac80211/main.o
  CC      net/devlink/health.o
  CC      net/devlink/trap.o
  CC      net/devlink/rate.o
  CC      net/wireless/radiotap.o
  CC      net/ipv4/sysctl_net_ipv4.o
  CC      net/ipv6/raw.o
  CC      net/wireless/util.o
  CC      net/wireless/reg.o
  CC      net/mac80211/status.o
  CC      net/devlink/linecard.o
  CC      net/sunrpc/auth.o
  CC      net/ipv4/proc.o
  CC      net/ipv4/ipconfig.o
  CC      net/devlink/sh_dev.o
  CC      net/ipv6/icmp.o
  CC      net/mac80211/driver-ops.o
  CC      net/sunrpc/auth_null.o
  CC      net/mac80211/sta_info.o
  CC      net/ipv4/netfilter.o
  CC      net/mac80211/wep.o
  AR      net/devlink/built-in.a
  CC      net/wireless/scan.o
  CC      net/wireless/nl80211.o
  CC      net/sunrpc/auth_tls.o
  CC      net/ipv6/mcast.o
  CC      net/ipv6/reassembly.o
  CC      net/ipv4/inet_diag.o
  CC      net/sunrpc/auth_unix.o
  CC      net/ipv4/tcp_diag.o
  CC      net/ipv4/tcp_cubic.o
  CC      net/sunrpc/svc.o
  CC      net/sunrpc/svcsock.o
  CC      net/sunrpc/svcauth.o
  CC      net/ipv4/tcp_bpf.o
  CC      net/mac80211/aead_api.o
  CC      net/ipv6/tcp_ipv6.o
  CC      net/mac80211/wpa.o
  CC      net/ipv4/udp_bpf.o
  CC      net/ipv4/bpf_tcp_ca.o
  CC      net/mac80211/scan.o
  CC      net/mac80211/offchannel.o
  CC      net/sunrpc/svcauth_unix.o
  CC      net/mac80211/ht.o
  CC      net/sunrpc/addr.o
  AR      net/ipv4/built-in.a
  CC      net/sunrpc/rpcb_clnt.o
  CC      net/ipv6/ping.o
  CC      net/ipv6/exthdrs.o
  CC      net/sunrpc/timer.o
  CC      net/sunrpc/xdr.o
  CC      net/mac80211/agg-tx.o
  CC      net/sunrpc/sunrpc_syms.o
  CC      net/mac80211/agg-rx.o
  CC      net/ipv6/datagram.o
  CC      net/ipv6/ip6_flowlabel.o
  CC      net/ipv6/inet6_connection_sock.o
  CC      net/rfkill/core.o
  CC      net/sysctl_net.o
  CC      net/mac80211/vht.o
  CC      net/rfkill/input.o
  CC      net/sunrpc/cache.o
  CC      net/sunrpc/rpc_pipe.o
  CC      net/ipv6/udp_offload.o
  CC      net/ipv6/seg6.o
  AR      net/rfkill/built-in.a
  CC      net/ipv6/fib6_notifier.o
  CC      net/ipv6/rpl.o
  CC      net/switchdev/switchdev.o
  CC      net/mac80211/he.o
  CC      net/mac80211/s1g.o
  CC      net/wireless/mlme.o
  CC      net/wireless/ibss.o
  CC      net/ipv6/ioam6.o
  CC      net/sunrpc/sysfs.o
  AR      net/switchdev/built-in.a
  CC      net/sunrpc/svc_xprt.o
  CC      net/sunrpc/xprtmultipath.o
  CC      net/mac80211/ibss.o
  CC      net/mac80211/iface.o
  CC      net/mac80211/link.o
  CC      net/ipv6/sysctl_net_ipv6.o
  CC      net/mac80211/rate.o
  CC      net/wireless/sme.o
  CC      net/wireless/chan.o
  CC      net/ipv6/netfilter.o
  CC      net/ipv6/proc.o
  CC      net/sunrpc/backchannel_rqst.o
  CC      net/mac80211/tkip.o
  CC      net/ipv6/addrconf_core.o
  CC      net/ipv6/exthdrs_core.o
  CC      net/mac80211/aes_cmac.o
  CC      net/mac80211/aes_gmac.o
  CC      net/sunrpc/stats.o
  CC      net/sunrpc/sysctl.o
  CC      net/wireless/ethtool.o
  CC      net/wireless/mesh.o
  CC      net/wireless/ap.o
  CC      net/wireless/trace.o
  CC      net/ipv6/ip6_checksum.o
  CC      net/mac80211/fils_aead.o
  CC      net/wireless/ocb.o
  CC      net/sunrpc/auth_gss/auth_gss.o
  CC      net/mac80211/cfg.o
  CC      net/mac80211/ethtool.o
  CC      net/ipv6/ip6_icmp.o
  CC      net/ipv6/output_core.o
  CC      net/ipv6/protocol.o
  CC      net/wireless/michael-mic.o
  CC      net/wireless/pmsr.o
  CC      net/mac80211/rx.o
  CC      net/ipv6/ip6_offload.o
  CC      net/wireless/of.o
  CC      net/mac80211/spectmgmt.o
  CC      net/sunrpc/auth_gss/gss_mech_switch.o
  CC      net/mac80211/tx.o
  CC      net/mac80211/key.o
  CC      net/sunrpc/auth_gss/svcauth_gss.o
  CC      net/ipv6/exthdrs_offload.o
  CC      net/ipv6/inet6_hashtables.o
  CC      net/sunrpc/auth_gss/gss_rpc_upcall.o
  CC      net/mac80211/util.o
  CC      net/mac80211/parse.o
  CC      net/qrtr/af_qrtr.o
  CC      net/ipv6/mcast_snoop.o
  CC      net/ipv6/ndisc_snoop.o
  CC      net/sunrpc/auth_gss/gss_rpc_xdr.o
  CC      net/mac80211/wme.o
  AR      net/ipv6/built-in.a
  CC      net/mac80211/chan.o
  CC      net/qrtr/ns.o
  CC      net/sunrpc/auth_gss/trace.o
  CC      net/sunrpc/auth_gss/gss_krb5_mech.o
  CC      net/qrtr/smd.o
  GEN     net/wireless/shipped-certs.c
  CC      net/mac80211/ap.o
  CC      net/mac80211/trace.o
  CC      net/sunrpc/auth_gss/gss_krb5_seal.o
  CC      net/sunrpc/auth_gss/gss_krb5_unseal.o
  AR      net/qrtr/built-in.a
  CC      net/sunrpc/auth_gss/gss_krb5_wrap.o
  CC      net/sunrpc/auth_gss/gss_krb5_crypto.o
  CC      net/mac80211/mlme.o
  CC      net/mac80211/tdls.o
  CC      net/handshake/alert.o
  CC      net/mac80211/ocb.o
  CC      net/handshake/netlink.o
  CC      net/wireless/shipped-certs.o
  AR      net/sunrpc/auth_gss/built-in.a
  AR      net/sunrpc/built-in.a
  CC      net/handshake/request.o
  CC      net/handshake/tlshd.o
  CC      net/handshake/trace.o
  CC      net/mac80211/airtime.o
  AR      net/wireless/built-in.a
  CC      net/mac80211/eht.o
  CC      net/mac80211/uhr.o
  CC      net/mac80211/nan.o
  CC      net/mac80211/led.o
  AR      net/handshake/built-in.a
  CC      net/mac80211/pm.o
  CC      net/mac80211/rc80211_minstrel_ht.o
  CC      net/mac80211/wbrf.o
  AR      net/mac80211/tests/built-in.a
  AR      net/mac80211/built-in.a
  AR      net/built-in.a
  AR      built-in.a
  AR      built-in-fixup.a
  COPY    vmlinux.a
  LD      vmlinux.o
  MODPOST vmlinux.symvers
  CC      .vmlinux.export.o
  UPD     include/generated/utsversion.h
  CC      init/version-timestamp.o
  KSYMS   .tmp_vmlinux0.kallsyms.S
  AS      .tmp_vmlinux0.kallsyms.o
  LD      .tmp_vmlinux1
  NM      .tmp_vmlinux1.syms
  KSYMS   .tmp_vmlinux1.kallsyms.S
  AS      .tmp_vmlinux1.kallsyms.o
  LD      .tmp_vmlinux2
  NM      .tmp_vmlinux2.syms
  KSYMS   .tmp_vmlinux2.kallsyms.S
  AS      .tmp_vmlinux2.kallsyms.o
  LD      vmlinux.unstripped
  NM      System.map
  SORTTAB vmlinux.unstripped
  OBJCOPY vmlinux
  GEN     modules.builtin.modinfo
  GEN     modules.builtin
  OBJCOPY arch/arm64/boot/Image
