  SYNC    include/config/auto.conf
  DTC     arch/arm64/boot/dts/qcom/sm8150-samurai.dtb
  CC      drivers/video/backlight/backlight.o
  UPD     kernel/config_data
  CC      drivers/video/fbdev/core/fb_backlight.o
  GZIP    kernel/config_data.gz
  CC      kernel/configs.o
  CC      drivers/soc/qcom/mdt_loader.o
  AR      drivers/video/backlight/built-in.a
  AR      kernel/built-in.a
  AR      drivers/video/fbdev/core/built-in.a
  AR      drivers/video/fbdev/built-in.a
  AR      drivers/video/built-in.a
  CC      drivers/soc/qcom/llcc-qcom.o
  CC      drivers/gpu/drm/drm_bridge.o
  CC      drivers/media/cec/core/cec-core.o
  AR      drivers/media/cec/i2c/built-in.a
  CC      drivers/media/cec/core/cec-adap.o
  CC      drivers/media/cec/core/cec-api.o
  CC      drivers/media/cec/core/cec-notifier.o
  AR      drivers/media/cec/platform/meson/built-in.a
  AR      drivers/media/cec/platform/built-in.a
  AR      drivers/media/cec/usb/built-in.a
  CC      drivers/gpu/drm/drm_connector.o
  CC      drivers/soc/qcom/ubwc_config.o
  AR      drivers/soc/qcom/built-in.a
  AR      drivers/soc/built-in.a
  CC      drivers/gpu/drm/drm_panel.o
  CC      drivers/gpu/drm/drm_of.o
  CC      drivers/gpu/drm/drm_exec.o
  CC      drivers/gpu/drm/drm_gpuvm.o
  CC      drivers/gpu/drm/bridge/panel.o
  CC      drivers/gpu/drm/drm_mipi_dsi.o
  AR      drivers/media/cec/core/built-in.a
  AR      drivers/media/cec/built-in.a
  AR      drivers/media/built-in.a
  CC      drivers/gpu/drm/display/drm_display_helper_mod.o
  CC      drivers/gpu/drm/scheduler/sched_main.o
  CC      drivers/gpu/drm/scheduler/sched_fence.o
  CC      drivers/gpu/drm/display/drm_bridge_connector.o
  CC      drivers/gpu/drm/display/drm_dsc_helper.o
  CC      drivers/gpu/drm/display/drm_hdmi_audio_helper.o
  CC      drivers/gpu/drm/display/drm_hdmi_cec_helper.o
  CC      drivers/gpu/drm/display/drm_hdmi_cec_notifier_helper.o
  CC      drivers/gpu/drm/display/drm_hdmi_helper.o
  CC      drivers/gpu/drm/scheduler/sched_entity.o
  CC      drivers/gpu/drm/scheduler/sched_rq.o
  CC      drivers/gpu/drm/display/drm_scdc_helper.o
  CC      drivers/gpu/drm/display/drm_hdmi_state_helper.o
  GENHDR  drivers/gpu/drm/msm/generated/a2xx.xml.h
  GENHDR  drivers/gpu/drm/msm/generated/a3xx.xml.h
  GENHDR  drivers/gpu/drm/msm/generated/a4xx.xml.h
  GENHDR  drivers/gpu/drm/msm/generated/a5xx.xml.h
  GENHDR  drivers/gpu/drm/msm/generated/a6xx.xml.h
  GENHDR  drivers/gpu/drm/msm/generated/a6xx_descriptors.xml.h
  GENHDR  drivers/gpu/drm/msm/generated/a6xx_enums.xml.h
  GENHDR  drivers/gpu/drm/msm/generated/a6xx_perfcntrs.xml.h
  GENHDR  drivers/gpu/drm/msm/generated/a7xx_enums.xml.h
  GENHDR  drivers/gpu/drm/msm/generated/a7xx_perfcntrs.xml.h
  GENHDR  drivers/gpu/drm/msm/generated/a8xx_enums.xml.h
  CC      drivers/gpu/drm/panel/panel-samsung-sofef03f.o
  GENHDR  drivers/gpu/drm/msm/generated/a6xx_gmu.xml.h
  GENHDR  drivers/gpu/drm/msm/generated/adreno_common.xml.h
  CC      drivers/gpu/drm/sysfb/simpledrm.o
  GENHDR  drivers/gpu/drm/msm/generated/adreno_pm4.xml.h
  GENHDRJSN  drivers/gpu/drm/msm/generated/a2xx_perfcntrs.json.c
  GENHDRJSN  drivers/gpu/drm/msm/generated/a5xx_perfcntrs.json.c
  GENHDRJSN  drivers/gpu/drm/msm/generated/a6xx_perfcntrs.json.c
  AR      drivers/gpu/drm/scheduler/built-in.a
  GENHDRJSN  drivers/gpu/drm/msm/generated/a7xx_perfcntrs.json.c
  GENHDRJSN  drivers/gpu/drm/msm/generated/a8xx_perfcntrs.json.c
  GENHDR  drivers/gpu/drm/msm/generated/dsi_phy_7nm.xml.h
  GENHDR  drivers/gpu/drm/msm/generated/dsi_phy_10nm.xml.h
  GENHDR  drivers/gpu/drm/msm/generated/dsi_phy_14nm.xml.h
  GENHDR  drivers/gpu/drm/msm/generated/dsi_phy_20nm.xml.h
  GENHDR  drivers/gpu/drm/msm/generated/dsi_phy_28nm_8960.xml.h
  GENHDR  drivers/gpu/drm/msm/generated/dsi_phy_28nm.xml.h
  GENHDR  drivers/gpu/drm/msm/generated/dsi.xml.h
  GENHDR  drivers/gpu/drm/msm/generated/hdmi.xml.h
  GENHDR  drivers/gpu/drm/msm/generated/mdp4.xml.h
  GENHDR  drivers/gpu/drm/msm/generated/mdp5.xml.h
  GENHDR  drivers/gpu/drm/msm/generated/mdp_common.xml.h
  GENHDR  drivers/gpu/drm/msm/generated/mdss.xml.h
  GENHDR  drivers/gpu/drm/msm/generated/sfpb.xml.h
  CC      drivers/gpu/drm/msm/msm_debugfs.o
  CC      drivers/gpu/drm/msm/msm_drv.o
  CC      drivers/gpu/drm/msm/msm_fence.o
  CC      drivers/gpu/drm/msm/msm_gem.o
  AR      drivers/gpu/drm/display/built-in.a
  CC      drivers/gpu/drm/msm/msm_gem_prime.o
  CC      drivers/gpu/drm/msm/msm_gem_shrinker.o
  AR      drivers/gpu/drm/panel/built-in.a
  CC      drivers/gpu/drm/msm/msm_gem_submit.o
  AR      drivers/gpu/drm/sysfb/built-in.a
  CC      drivers/gpu/drm/msm/msm_gem_vma.o
  CC      drivers/gpu/drm/msm/msm_gpu.o
  CC      drivers/gpu/drm/msm/msm_gpu_devfreq.o
  CC      drivers/gpu/drm/msm/msm_io_utils.o
  CC      drivers/gpu/drm/msm/msm_iommu.o
  CC      drivers/gpu/drm/msm/msm_perfcntr.o
  CC      drivers/gpu/drm/msm/msm_rd.o
  CC      drivers/gpu/drm/msm/msm_ringbuffer.o
  CC      drivers/gpu/drm/msm/msm_submitqueue.o
  CC      drivers/gpu/drm/msm/msm_syncobj.o
  CC      drivers/gpu/drm/msm/msm_gpu_tracepoints.o
  CC      drivers/gpu/drm/msm/msm_atomic.o
  CC      drivers/gpu/drm/msm/msm_atomic_tracepoints.o
  CC      drivers/gpu/drm/msm/msm_fb.o
  CC      drivers/gpu/drm/msm/msm_kms.o
  CC      drivers/gpu/drm/msm/msm_fbdev.o
  CC      drivers/gpu/drm/msm/adreno/adreno_device.o
  CC      drivers/gpu/drm/msm/adreno/adreno_gpu.o
  CC      drivers/gpu/drm/msm/adreno/a2xx_catalog.o
  CC      drivers/gpu/drm/msm/adreno/a2xx_gpu.o
  CC      drivers/gpu/drm/msm/adreno/a2xx_gpummu.o
  CC      drivers/gpu/drm/msm/adreno/a3xx_catalog.o
  CC      drivers/gpu/drm/msm/adreno/a3xx_gpu.o
  CC      drivers/gpu/drm/msm/adreno/a4xx_catalog.o
  CC      drivers/gpu/drm/msm/adreno/a4xx_gpu.o
  CC      drivers/gpu/drm/msm/adreno/a5xx_catalog.o
  CC      drivers/gpu/drm/msm/adreno/a5xx_gpu.o
  CC      drivers/gpu/drm/msm/adreno/a5xx_power.o
  CC      drivers/gpu/drm/msm/adreno/a5xx_preempt.o
  CC      drivers/gpu/drm/msm/adreno/a6xx_catalog.o
  CC      drivers/gpu/drm/msm/adreno/a6xx_gpu.o
  CC      drivers/gpu/drm/msm/adreno/a6xx_gmu.o
  CC      drivers/gpu/drm/msm/adreno/a6xx_hfi.o
  CC      drivers/gpu/drm/msm/adreno/a6xx_preempt.o
  CC      drivers/gpu/drm/msm/adreno/a8xx_gpu.o
  CC      drivers/gpu/drm/msm/adreno/a8xx_preempt.o
  CC      drivers/gpu/drm/msm/adreno/a5xx_debugfs.o
  CC      drivers/gpu/drm/msm/adreno/a6xx_gpu_state.o
  CC      drivers/gpu/drm/msm/generated/a2xx_perfcntrs.json.o
  CC      drivers/gpu/drm/msm/generated/a5xx_perfcntrs.json.o
  CC      drivers/gpu/drm/msm/generated/a6xx_perfcntrs.json.o
  CC      drivers/gpu/drm/msm/generated/a7xx_perfcntrs.json.o
  CC      drivers/gpu/drm/msm/generated/a8xx_perfcntrs.json.o
  CC      drivers/gpu/drm/msm/disp/dpu1/dpu_core_perf.o
  CC      drivers/gpu/drm/msm/disp/dpu1/dpu_crtc.o
  CC      drivers/gpu/drm/msm/disp/dpu1/dpu_encoder.o
  CC      drivers/gpu/drm/msm/disp/dpu1/dpu_encoder_phys_cmd.o
  CC      drivers/gpu/drm/msm/disp/dpu1/dpu_encoder_phys_vid.o
  CC      drivers/gpu/drm/msm/disp/dpu1/dpu_encoder_phys_wb.o
  CC      drivers/gpu/drm/msm/disp/dpu1/dpu_formats.o
  CC      drivers/gpu/drm/msm/disp/dpu1/dpu_hw_catalog.o
  CC      drivers/gpu/drm/msm/disp/dpu1/dpu_hw_cdm.o
  CC      drivers/gpu/drm/msm/disp/dpu1/dpu_hw_ctl.o
  CC      drivers/gpu/drm/msm/disp/dpu1/dpu_hw_cwb.o
  CC      drivers/gpu/drm/msm/disp/dpu1/dpu_hw_dsc.o
  CC      drivers/gpu/drm/msm/disp/dpu1/dpu_hw_dsc_1_2.o
  CC      drivers/gpu/drm/msm/disp/dpu1/dpu_hw_interrupts.o
  CC      drivers/gpu/drm/msm/disp/dpu1/dpu_hw_intf.o
  CC      drivers/gpu/drm/msm/disp/dpu1/dpu_hw_lm.o
  CC      drivers/gpu/drm/msm/disp/dpu1/dpu_hw_pingpong.o
  CC      drivers/gpu/drm/msm/disp/dpu1/dpu_hw_sspp.o
  CC      drivers/gpu/drm/msm/disp/dpu1/dpu_hw_sspp_v13.o
  CC      drivers/gpu/drm/msm/disp/dpu1/dpu_hw_dspp.o
  CC      drivers/gpu/drm/msm/disp/dpu1/dpu_hw_merge3d.o
  CC      drivers/gpu/drm/msm/disp/dpu1/dpu_hw_top.o
  CC      drivers/gpu/drm/msm/disp/dpu1/dpu_hw_util.o
  CC      drivers/gpu/drm/msm/disp/dpu1/dpu_hw_vbif.o
  CC      drivers/gpu/drm/msm/disp/dpu1/dpu_hw_wb.o
  CC      drivers/gpu/drm/msm/disp/dpu1/dpu_kms.o
  CC      drivers/gpu/drm/msm/disp/dpu1/dpu_plane.o
  CC      drivers/gpu/drm/msm/disp/dpu1/dpu_rm.o
  CC      drivers/gpu/drm/msm/disp/dpu1/dpu_vbif.o
  CC      drivers/gpu/drm/msm/disp/dpu1/dpu_writeback.o
  CC      drivers/gpu/drm/msm/msm_mdss.o
  CC      drivers/gpu/drm/msm/disp/mdp_format.o
  CC      drivers/gpu/drm/msm/disp/mdp_kms.o
  CC      drivers/gpu/drm/msm/disp/msm_disp_snapshot.o
  CC      drivers/gpu/drm/msm/disp/msm_disp_snapshot_util.o
  CC      drivers/gpu/drm/msm/dsi/dsi.o
  CC      drivers/gpu/drm/msm/dsi/dsi_cfg.o
  CC      drivers/gpu/drm/msm/dsi/dsi_host.o
  CC      drivers/gpu/drm/msm/dsi/dsi_manager.o
  CC      drivers/gpu/drm/msm/dsi/phy/dsi_phy.o
  CC      drivers/gpu/drm/msm/dsi/phy/dsi_phy_7nm.o
  AR      drivers/gpu/drm/msm/built-in.a
  AR      drivers/gpu/drm/built-in.a
  AR      drivers/gpu/built-in.a
  AR      drivers/built-in.a
  AR      built-in.a
  AR      built-in-fixup.a
  COPY    vmlinux.a
  LD      vmlinux.o
  MODPOST vmlinux.symvers
  CC      .vmlinux.export.o
  UPD     include/generated/utsversion.h
  CC      init/version-timestamp.o
  KSYMS   .tmp_vmlinux0.kallsyms.S
  AS      .tmp_vmlinux0.kallsyms.o
  LD      .tmp_vmlinux1
  NM      .tmp_vmlinux1.syms
  KSYMS   .tmp_vmlinux1.kallsyms.S
  AS      .tmp_vmlinux1.kallsyms.o
  LD      .tmp_vmlinux2
  NM      .tmp_vmlinux2.syms
  KSYMS   .tmp_vmlinux2.kallsyms.S
  AS      .tmp_vmlinux2.kallsyms.o
  LD      vmlinux.unstripped
  NM      System.map
  SORTTAB vmlinux.unstripped
  OBJCOPY vmlinux
  GEN     modules.builtin.modinfo
  GEN     modules.builtin
  OBJCOPY arch/arm64/boot/Image
