生成启动时间为 2026-10-10 5:45:01。
日志记录详细程度设置为: Normal。
项目“E:\edk2-samurai-out\rx61\source-pinned\qcom-usb-kernel-drivers-14b6fe1ee69cdd9182502629da9192156b9d206a\src\windows\wdfserial\qceudexp.vcxproj”在节点 1 上(Build 个目标)。
DriverBuildNotifications:
  Building 'qceudexp' with toolset 'WindowsKernelModeDriver10.0' and the 'Desktop' target platform.
  Using KMDF 1.15.
PrepareForBuild:
  Structured output is enabled. The formatting of compiler diagnostics will reflect the error hierarchy. See https://aka.ms/cpp/structured-output for more details.
  正在创建目录“E:\edk2-samurai-out\rx62\build-intermediate\attempt-01\qceudexp.tlog\”。
InitializeBuildStatus:
  正在创建“E:\edk2-samurai-out\rx62\build-intermediate\attempt-01\qceudexp.tlog\unsuccessfulbuild”，因为已指定“AlwaysCreate”。
  正在对“E:\edk2-samurai-out\rx62\build-intermediate\attempt-01\qceudexp.tlog\unsuccessfulbuild”执行 Touch 任务。
StampInf:
  F:\Program Files\Windows Kits\10\\bin\10.0.26100.0\\x86\stampinf.exe -d "*" -a "amd64" -v "*" -k "1.15"  -x -f E:\edk2-samurai-out\rx62\build-intermediate\attempt-01\qceudexp.inf 
  Copying "E:\edk2-samurai-out\rx61\source-pinned\qcom-usb-kernel-drivers-14b6fe1ee69cdd9182502629da9192156b9d206a\src\windows\wdfserial\qceudexp.inf" to "E:\edk2-samurai-out\rx62\build-intermediate\attempt-01\qceudexp.inf" for stamping
  Stamping E:\edk2-samurai-out\rx62\build-intermediate\attempt-01\qceudexp.inf
  Stamping [Version] section with DriverVer=10/10/2026,5.45.2.837
  正在将文件从“E:\edk2-samurai-out\rx62\build-intermediate\attempt-01\qceudexp.inf”复制到“E:\edk2-samurai-out\rx62\build-output\attempt-01\qceudexp.inf”。
F:\Program Files\Windows Kits\10\build\10.0.26100.0\WindowsDriver.common.targets(698,5): error : INF verification exception: 无法加载 DLL“x86\InfVerif.dll”: 找不到指定的模块。 (异常来自 HRESULT:0x8007007E)。 [E:\edk2-samurai-out\rx61\source-pinned\qcom-usb-kernel-drivers-14b6fe1ee69cdd9182502629da9192156b9d206a\src\windows\wdfserial\qceudexp.vcxproj]
RunWpp:
  F:\Program Files\Windows Kits\10\\bin\10.0.26100.0\\x86\tracewpp.exe -cfgdir:"F:\Program Files\Windows Kits\10\bin\10.0.26100.0\wppconfig\rev1" -scan:"QCWPP.h" -odir:"E:\edk2-samurai-out\rx62\build-intermediate\attempt-01\\" -km QCDSP.c QCINT.c QCPNP.c QCMAIN.c QCRD.c QCSER.c QCUSB.c QCUTILS.c QCWT.c 
ClCompile:
  F:\Program Files\Microsoft Visual Studio\2022\BuildTools\VC\Tools\MSVC\14.44.35207\bin\HostX86\x64\CL.exe /c /I"E:\edk2-samurai-out\rx62\build-intermediate\attempt-01\\" /Zi /nologo /W2 /WX /diagnostics:column /Ox /Os /Oy- /D _WIN64 /D _AMD64_ /D AMD64 /D EVENT_TRACING /D QCUSB_MUX_PROTOCOL /D _WIN64 /D _AMD64_ /D AMD64 /D _WIN32_WINNT=0x0A00 /D WINVER=0x0A00 /D WINNT=1 /D NTDDI_VERSION=0xA000010 /D KMDF_VERSION_MAJOR=1 /D KMDF_VERSION_MINOR=15 /GF /Gm- /Zp8 /GS /guard:cf /Gy /fp:precise /Zc:wchar_t- /Zc:forScope /Zc:inline /GR- /Fo"E:\edk2-samurai-out\rx62\build-intermediate\attempt-01\\" /Fd"E:\edk2-samurai-out\rx62\build-intermediate\attempt-01\vc143.pdb" /external:W2 /Gz /wd4603 /wd4627 /wd4986 /wd4987 /FI"F:\Program Files\Windows Kits\10\Include\10.0.26100.0\shared\warning.h" /FC /errorReport:queue /kernel -cbstring -d2epilogunwind  /d1nodatetime /d1import_no_registry /d2AllowCompatibleILVersions /d2Zi+ QCDSP.c QCINT.c QCPNP.c QCMAIN.c QCRD.c QCSER.c QCUSB.c QCUTILS.c QCWT.c
  QCDSP.c
  QCINT.c
  QCPNP.c
  QCMAIN.c
  QCRD.c
E:\edk2-samurai-out\rx61\source-pinned\qcom-usb-kernel-drivers-14b6fe1ee69cdd9182502629da9192156b9d206a\src\windows\wdfserial\QCRD.c(1,1): error C2220: the following warning is treated as an error [E:\edk2-samurai-out\rx61\source-pinned\qcom-usb-kernel-drivers-14b6fe1ee69cdd9182502629da9192156b9d206a\src\windows\wdfserial\qceudexp.vcxproj]
  QCSER.c
E:\edk2-samurai-out\rx61\source-pinned\qcom-usb-kernel-drivers-14b6fe1ee69cdd9182502629da9192156b9d206a\src\windows\wdfserial\QCRD.c(1,1): warning C4819: The file contains a character that cannot be represented in the current code page (936). Save the file in Unicode format to prevent data loss [E:\edk2-samurai-out\rx61\source-pinned\qcom-usb-kernel-drivers-14b6fe1ee69cdd9182502629da9192156b9d206a\src\windows\wdfserial\qceudexp.vcxproj]
E:\edk2-samurai-out\rx61\source-pinned\qcom-usb-kernel-drivers-14b6fe1ee69cdd9182502629da9192156b9d206a\src\windows\wdfserial\QCRD.c(622,1): warning C4819: The file contains a character that cannot be represented in the current code page (936). Save the file in Unicode format to prevent data loss [E:\edk2-samurai-out\rx61\source-pinned\qcom-usb-kernel-drivers-14b6fe1ee69cdd9182502629da9192156b9d206a\src\windows\wdfserial\qceudexp.vcxproj]
  QCUSB.c
  QCUTILS.c
  QCWT.c
  Generating Code...
已完成生成项目“E:\edk2-samurai-out\rx61\source-pinned\qcom-usb-kernel-drivers-14b6fe1ee69cdd9182502629da9192156b9d206a\src\windows\wdfserial\qceudexp.vcxproj”(Build 个目标)的操作 - 失败。

生成失败。

“E:\edk2-samurai-out\rx61\source-pinned\qcom-usb-kernel-drivers-14b6fe1ee69cdd9182502629da9192156b9d206a\src\windows\wdfserial\qceudexp.vcxproj”(Build 目标) (1) ->
(ClCompile 目标) -> 
  E:\edk2-samurai-out\rx61\source-pinned\qcom-usb-kernel-drivers-14b6fe1ee69cdd9182502629da9192156b9d206a\src\windows\wdfserial\QCRD.c(1,1): warning C4819: The file contains a character that cannot be represented in the current code page (936). Save the file in Unicode format to prevent data loss [E:\edk2-samurai-out\rx61\source-pinned\qcom-usb-kernel-drivers-14b6fe1ee69cdd9182502629da9192156b9d206a\src\windows\wdfserial\qceudexp.vcxproj]
  E:\edk2-samurai-out\rx61\source-pinned\qcom-usb-kernel-drivers-14b6fe1ee69cdd9182502629da9192156b9d206a\src\windows\wdfserial\QCRD.c(622,1): warning C4819: The file contains a character that cannot be represented in the current code page (936). Save the file in Unicode format to prevent data loss [E:\edk2-samurai-out\rx61\source-pinned\qcom-usb-kernel-drivers-14b6fe1ee69cdd9182502629da9192156b9d206a\src\windows\wdfserial\qceudexp.vcxproj]


“E:\edk2-samurai-out\rx61\source-pinned\qcom-usb-kernel-drivers-14b6fe1ee69cdd9182502629da9192156b9d206a\src\windows\wdfserial\qceudexp.vcxproj”(Build 目标) (1) ->
(InfVerif 目标) -> 
  F:\Program Files\Windows Kits\10\build\10.0.26100.0\WindowsDriver.common.targets(698,5): error : INF verification exception: 无法加载 DLL“x86\InfVerif.dll”: 找不到指定的模块。 (异常来自 HRESULT:0x8007007E)。 [E:\edk2-samurai-out\rx61\source-pinned\qcom-usb-kernel-drivers-14b6fe1ee69cdd9182502629da9192156b9d206a\src\windows\wdfserial\qceudexp.vcxproj]


“E:\edk2-samurai-out\rx61\source-pinned\qcom-usb-kernel-drivers-14b6fe1ee69cdd9182502629da9192156b9d206a\src\windows\wdfserial\qceudexp.vcxproj”(Build 目标) (1) ->
(ClCompile 目标) -> 
  E:\edk2-samurai-out\rx61\source-pinned\qcom-usb-kernel-drivers-14b6fe1ee69cdd9182502629da9192156b9d206a\src\windows\wdfserial\QCRD.c(1,1): error C2220: the following warning is treated as an error [E:\edk2-samurai-out\rx61\source-pinned\qcom-usb-kernel-drivers-14b6fe1ee69cdd9182502629da9192156b9d206a\src\windows\wdfserial\qceudexp.vcxproj]

    2 个警告
    2 个错误

已用时间 00:00:05.32
