生成启动时间为 2026-10-10 5:45:59。
日志记录详细程度设置为: Normal。
项目“E:\edk2-samurai-out\rx61\source-pinned\qcom-usb-kernel-drivers-14b6fe1ee69cdd9182502629da9192156b9d206a\src\windows\wdfserial\qceudexp.vcxproj”在节点 1 上(Build 个目标)。
DriverBuildNotifications:
  Building 'qceudexp' with toolset 'WindowsKernelModeDriver10.0' and the 'Desktop' target platform.
  Using KMDF 1.15.
PrepareForBuild:
  Structured output is enabled. The formatting of compiler diagnostics will reflect the error hierarchy. See https://aka.ms/cpp/structured-output for more details.
  正在创建目录“E:\edk2-samurai-out\rx62\build-intermediate\attempt-02\qceudexp.tlog\”。
InitializeBuildStatus:
  正在创建“E:\edk2-samurai-out\rx62\build-intermediate\attempt-02\qceudexp.tlog\unsuccessfulbuild”，因为已指定“AlwaysCreate”。
  正在对“E:\edk2-samurai-out\rx62\build-intermediate\attempt-02\qceudexp.tlog\unsuccessfulbuild”执行 Touch 任务。
StampInf:
  F:\Program Files\Windows Kits\10\\bin\10.0.26100.0\\x86\stampinf.exe -d "*" -a "amd64" -v "*" -k "1.15"  -x -f E:\edk2-samurai-out\rx62\build-intermediate\attempt-02\qceudexp.inf 
  Copying "E:\edk2-samurai-out\rx61\source-pinned\qcom-usb-kernel-drivers-14b6fe1ee69cdd9182502629da9192156b9d206a\src\windows\wdfserial\qceudexp.inf" to "E:\edk2-samurai-out\rx62\build-intermediate\attempt-02\qceudexp.inf" for stamping
  Stamping E:\edk2-samurai-out\rx62\build-intermediate\attempt-02\qceudexp.inf
  Stamping [Version] section with DriverVer=10/10/2026,5.46.1.478
  正在将文件从“E:\edk2-samurai-out\rx62\build-intermediate\attempt-02\qceudexp.inf”复制到“E:\edk2-samurai-out\rx62\build-output\attempt-02\qceudexp.inf”。
E:\edk2-samurai-out\rx61\source-pinned\qcom-usb-kernel-drivers-14b6fe1ee69cdd9182502629da9192156b9d206a\src\windows\wdfserial\qceudexp.inf : error 1199: The syntax 'DIRID 13 (CopyFiles)' was introduced in OS version 10.0.16299, but DDInstall sections utilizing the syntax will install on earlier OS versions. Those DDInstall sections should be restricted to only install on 10.0.16299 or higher using a TargetOSVersion decoration. [E:\edk2-samurai-out\rx61\source-pinned\qcom-usb-kernel-drivers-14b6fe1ee69cdd9182502629da9192156b9d206a\src\windows\wdfserial\qceudexp.vcxproj]
已完成生成项目“E:\edk2-samurai-out\rx61\source-pinned\qcom-usb-kernel-drivers-14b6fe1ee69cdd9182502629da9192156b9d206a\src\windows\wdfserial\qceudexp.vcxproj”(Build 个目标)的操作 - 失败。

生成失败。

“E:\edk2-samurai-out\rx61\source-pinned\qcom-usb-kernel-drivers-14b6fe1ee69cdd9182502629da9192156b9d206a\src\windows\wdfserial\qceudexp.vcxproj”(Build 目标) (1) ->
(InfVerif 目标) -> 
  E:\edk2-samurai-out\rx61\source-pinned\qcom-usb-kernel-drivers-14b6fe1ee69cdd9182502629da9192156b9d206a\src\windows\wdfserial\qceudexp.inf : error 1199: The syntax 'DIRID 13 (CopyFiles)' was introduced in OS version 10.0.16299, but DDInstall sections utilizing the syntax will install on earlier OS versions. Those DDInstall sections should be restricted to only install on 10.0.16299 or higher using a TargetOSVersion decoration. [E:\edk2-samurai-out\rx61\source-pinned\qcom-usb-kernel-drivers-14b6fe1ee69cdd9182502629da9192156b9d206a\src\windows\wdfserial\qceudexp.vcxproj]

    0 个警告
    1 个错误

已用时间 00:00:02.00
