生成启动时间为 2026-10-10 5:47:00。
日志记录详细程度设置为: Normal。
项目“E:\edk2-samurai-out\rx61\source-pinned\qcom-usb-kernel-drivers-14b6fe1ee69cdd9182502629da9192156b9d206a\src\windows\wdfserial\qceudexp.vcxproj”在节点 1 上(Build 个目标)。
DriverBuildNotifications:
  Building 'qceudexp' with toolset 'WindowsKernelModeDriver10.0' and the 'Desktop' target platform.
  Using KMDF 1.15.
PrepareForBuild:
  Structured output is enabled. The formatting of compiler diagnostics will reflect the error hierarchy. See https://aka.ms/cpp/structured-output for more details.
  正在创建目录“E:\edk2-samurai-out\rx62\build-intermediate\attempt-03\qceudexp.tlog\”。
InitializeBuildStatus:
  正在创建“E:\edk2-samurai-out\rx62\build-intermediate\attempt-03\qceudexp.tlog\unsuccessfulbuild”，因为已指定“AlwaysCreate”。
  正在对“E:\edk2-samurai-out\rx62\build-intermediate\attempt-03\qceudexp.tlog\unsuccessfulbuild”执行 Touch 任务。
StampInf:
  F:\Program Files\Windows Kits\10\\bin\10.0.26100.0\\x86\stampinf.exe -d "*" -a "amd64" -v "*" -k "1.15"  -x -f E:\edk2-samurai-out\rx62\build-intermediate\attempt-03\qceudexp.inf 
  Copying "E:\edk2-samurai-out\rx61\source-pinned\qcom-usb-kernel-drivers-14b6fe1ee69cdd9182502629da9192156b9d206a\src\windows\wdfserial\qceudexp.inf" to "E:\edk2-samurai-out\rx62\build-intermediate\attempt-03\qceudexp.inf" for stamping
  Stamping E:\edk2-samurai-out\rx62\build-intermediate\attempt-03\qceudexp.inf
  Stamping [Version] section with DriverVer=10/10/2026,5.47.2.26
  正在将文件从“E:\edk2-samurai-out\rx62\build-intermediate\attempt-03\qceudexp.inf”复制到“E:\edk2-samurai-out\rx62\build-output\attempt-03\qceudexp.inf”。
RunWpp:
  F:\Program Files\Windows Kits\10\\bin\10.0.26100.0\\x86\tracewpp.exe -cfgdir:"F:\Program Files\Windows Kits\10\bin\10.0.26100.0\wppconfig\rev1" -scan:"QCWPP.h" -odir:"E:\edk2-samurai-out\rx62\build-intermediate\attempt-03\\" -km QCDSP.c QCINT.c QCPNP.c QCMAIN.c QCRD.c QCSER.c QCUSB.c QCUTILS.c QCWT.c 
ClCompile:
  F:\Program Files\Microsoft Visual Studio\2022\BuildTools\VC\Tools\MSVC\14.44.35207\bin\HostX64\x64\CL.exe /c /I"E:\edk2-samurai-out\rx62\build-intermediate\attempt-03\\" /Zi /nologo /W2 /WX /diagnostics:column /Ox /Os /Oy- /D _WIN64 /D _AMD64_ /D AMD64 /D EVENT_TRACING /D QCUSB_MUX_PROTOCOL /D _WIN64 /D _AMD64_ /D AMD64 /D _WIN32_WINNT=0x0A00 /D WINVER=0x0A00 /D WINNT=1 /D NTDDI_VERSION=0xA000010 /D KMDF_VERSION_MAJOR=1 /D KMDF_VERSION_MINOR=15 /GF /Gm- /Zp8 /GS /guard:cf /Gy /fp:precise /Zc:wchar_t- /Zc:forScope /Zc:inline /GR- /Fo"E:\edk2-samurai-out\rx62\build-intermediate\attempt-03\\" /Fd"E:\edk2-samurai-out\rx62\build-intermediate\attempt-03\vc143.pdb" /external:W2 /Gz /wd4603 /wd4627 /wd4986 /wd4987 /FI"F:\Program Files\Windows Kits\10\Include\10.0.26100.0\shared\warning.h" /FC /errorReport:queue /utf-8 /kernel -cbstring -d2epilogunwind  /d1nodatetime /d1import_no_registry /d2AllowCompatibleILVersions /d2Zi+ QCDSP.c QCINT.c QCPNP.c QCMAIN.c QCRD.c QCSER.c QCUSB.c QCUTILS.c QCWT.c
  QCDSP.c
  QCINT.c
  QCPNP.c
  QCMAIN.c
  QCRD.c
  QCSER.c
  QCUSB.c
  QCUTILS.c
  QCWT.c
  Generating Code...
ResourceCompile:
  F:\Program Files\Windows Kits\10\\bin\10.0.26100.0\\x64\rc.exe /D _WIN64 /D _AMD64_=1 /D AMD64 /D _WIN32_WINNT=0x0A00 /D WINVER=0x0A00 /D WINNT=1 /D NTDDI_VERSION=0xA000010 /D "SMP_ID=\\\"{1bc93793-694f-48fe-9372-81e2b05556fd}\\\"" /l"0x0409" /I"F:\Program Files\Windows Kits\10\Include\10.0.26100.0\um" /I"F:\Program Files\Windows Kits\10\Include\10.0.26100.0\um" /I"E:\edk2-samurai-out\rx62\build-intermediate\attempt-03\\" /I"F:\Program Files\Microsoft Visual Studio\2022\BuildTools\VC\Tools\MSVC\14.44.35207\atlmfc\include" /I..\ /nologo /fo"E:\edk2-samurai-out\rx62\build-intermediate\attempt-03\qcwdfserial.res" qcwdfserial.rc 
Link:
  F:\Program Files\Microsoft Visual Studio\2022\BuildTools\VC\Tools\MSVC\14.44.35207\bin\HostX64\x64\link.exe /ERRORREPORT:QUEUE /OUT:"E:\edk2-samurai-out\rx62\build-output\attempt-03\qcwdfserial.sys" /VERSION:"10.0" /INCREMENTAL:NO /NOLOGO /WX /SECTION:"INIT,d" "F:\Program Files\Windows Kits\10\lib\10.0.26100.0\km\x64\BufferOverflowFastFailK.lib" "F:\Program Files\Windows Kits\10\lib\10.0.26100.0\km\x64\ntoskrnl.lib" "F:\Program Files\Windows Kits\10\lib\10.0.26100.0\km\x64\hal.lib" "F:\Program Files\Windows Kits\10\lib\10.0.26100.0\km\x64\wmilib.lib" "F:\Program Files\Windows Kits\10\lib\wdf\kmdf\x64\1.15\WdfLdr.lib" "F:\Program Files\Windows Kits\10\lib\wdf\kmdf\x64\1.15\WdfDriverEntry.lib" /NODEFAULTLIB /MANIFEST:NO /DEBUG /PDB:"E:\edk2-samurai-out\rx62\build-output\attempt-03\qcwdfserial.pdb" /SUBSYSTEM:NATIVE,"10.00" /Driver /OPT:REF /OPT:ICF /ENTRY:"FxDriverEntry" /RELEASE /IMPLIB:"E:\edk2-samurai-out\rx62\build-output\attempt-03\qcwdfserial.lib" /MERGE:"_TEXT=.text;_PAGE=PAGE" /MACHINE:X64 /PROFILE /guard:cf /kernel /IGNORE:4198,4010,4037,4039,4065,4070,4078,4087,4089,4221,4108,4088,4218,4218,4235 /osversion:10.0 /pdbcompress /debugtype:pdata "E:\edk2-samurai-out\rx62\build-intermediate\attempt-03\qcwdfserial.res"
  "E:\edk2-samurai-out\rx62\build-intermediate\attempt-03\QCDSP.obj"
  "E:\edk2-samurai-out\rx62\build-intermediate\attempt-03\QCINT.obj"
  "E:\edk2-samurai-out\rx62\build-intermediate\attempt-03\QCPNP.obj"
  "E:\edk2-samurai-out\rx62\build-intermediate\attempt-03\QCMAIN.obj"
  "E:\edk2-samurai-out\rx62\build-intermediate\attempt-03\QCRD.obj"
  "E:\edk2-samurai-out\rx62\build-intermediate\attempt-03\QCSER.obj"
  "E:\edk2-samurai-out\rx62\build-intermediate\attempt-03\QCUSB.obj"
  "E:\edk2-samurai-out\rx62\build-intermediate\attempt-03\QCUTILS.obj"
  "E:\edk2-samurai-out\rx62\build-intermediate\attempt-03\QCWT.obj"
  qceudexp.vcxproj -> E:\edk2-samurai-out\rx62\build-output\attempt-03\qcwdfserial.sys
DriverPackageTarget:
  Packaging up the following projects for the following configurations:
  
   Configuration='' Platform=''
  
  
  The following files will be packaged:
  
  File to package:      E:\edk2-samurai-out\rx62\build-output\attempt-03\qcwdfserial.sys.
  Location in Package:  \qcwdfserial.sys.
  Requested by project: 
  
  
  File to package:      E:\edk2-samurai-out\rx62\build-output\attempt-03\qcwdfserial.pdb.
  Location in Package:  \qcwdfserial.pdb.
  Requested by project: 
  
  
  File to package:      E:\edk2-samurai-out\rx62\build-intermediate\attempt-03\qceudexp.inf.
  Location in Package:  \qceudexp.inf.
  Requested by project: 
  
  
  正在创建目录“E:\edk2-samurai-out\rx62\build-output\attempt-03\qceudexp”。
  正在创建目录“E:\edk2-samurai-out\rx62\build-output\attempt-03\qceudexp”。
  正在将文件从“E:\edk2-samurai-out\rx62\build-output\attempt-03\qcwdfserial.sys”复制到“E:\edk2-samurai-out\rx62\build-output\attempt-03\qceudexp\qcwdfserial.sys”。
  正在将文件从“E:\edk2-samurai-out\rx62\build-output\attempt-03\qcwdfserial.pdb”复制到“E:\edk2-samurai-out\rx62\build-output\attempt-03\qceudexp\qcwdfserial.pdb”。
  正在将文件从“E:\edk2-samurai-out\rx62\build-intermediate\attempt-03\qceudexp.inf”复制到“E:\edk2-samurai-out\rx62\build-output\attempt-03\qceudexp\qceudexp.inf”。
Inf2Cat:
  F:\Program Files\Windows Kits\10\\bin\10.0.26100.0\\x86\inf2cat.exe /os:10_x64 /USELOCALTIME /driver:E:\edk2-samurai-out\rx62\build-output\attempt-03\qceudexp\ 
  .........................
  Signability test complete.
  
  Errors:
  None
  
  Warnings:
  None
  
  Catalog generation complete.
  E:\edk2-samurai-out\rx62\build-output\attempt-03\qceudexp\qceudexp.cat
DrvCat:
  F:\Program Files\Windows Kits\10\\bin\10.0.26100.0\\x64\drvcat.exe  E:\edk2-samurai-out\rx62\build-output\attempt-03\qceudexp\qceudexp.cat /set WdkVersion 10.0.26100.0 /set WdkAssemblyVersion 10.0.26100.6584 
  Set catalog attribute.
  WdkVersion: 10.0.26100.0
  Set catalog attribute.
  WdkAssemblyVersion: 10.0.26100.6584
FinalizeBuildStatus:
  正在删除文件“E:\edk2-samurai-out\rx62\build-intermediate\attempt-03\qceudexp.tlog\unsuccessfulbuild”。
  正在对“E:\edk2-samurai-out\rx62\build-intermediate\attempt-03\qceudexp.tlog\qceudexp.lastbuildstate”执行 Touch 任务。
已完成生成项目“E:\edk2-samurai-out\rx61\source-pinned\qcom-usb-kernel-drivers-14b6fe1ee69cdd9182502629da9192156b9d206a\src\windows\wdfserial\qceudexp.vcxproj”(Build 个目标)的操作。

已成功生成。
    0 个警告
    0 个错误

已用时间 00:00:06.49
