Microsoft (R) COFF/PE Dumper Version 14.44.35209.0
Copyright (C) Microsoft Corporation.  All rights reserved.


Dump of file E:\edk2-samurai-out\rx62\package-windows11\qcwdfserial.sys

PE signature found

File Type: EXECUTABLE IMAGE

FILE HEADER VALUES
            8664 machine (x64)
               8 number of sections
        6AC960DA time date stamp Sat Oct 10 05:47:06 2026
               0 file pointer to symbol table
               0 number of symbols
              F0 size of optional header
              22 characteristics
                   Executable
                   Application can handle large (>2GB) addresses

OPTIONAL HEADER VALUES
             20B magic # (PE32+)
           14.44 linker version
           16400 size of code
            2E00 size of initialized data
               0 size of uninitialized data
           15440 entry point (0000000140015440) FxDriverEntry
            1000 base of code
       140000000 image base (0000000140000000 to 000000014001EFFF)
            1000 section alignment
             200 file alignment
           10.00 operating system version
           10.00 image version
           10.00 subsystem version
               0 Win32 version
           1F000 size of image
             400 size of headers
           1BD85 checksum
               1 subsystem (Native)
            4160 DLL characteristics
                   High Entropy Virtual Addresses
                   Dynamic base
                   NX compatible
                   Control Flow Guard
          100000 size of stack reserve
            1000 size of stack commit
          100000 size of heap reserve
            1000 size of heap commit
               0 loader flags
              10 number of directories
               0 [       0] RVA [size] of Export Directory
           1C030 [      50] RVA [size] of Import Directory
           1D000 [     3D8] RVA [size] of Resource Directory
           1A000 [     888] RVA [size] of Exception Directory
               0 [       0] RVA [size] of Certificates Directory
           1E000 [      40] RVA [size] of Base Relocation Directory
           17898 [      38] RVA [size] of Debug Directory
               0 [       0] RVA [size] of Architecture Directory
               0 [       0] RVA [size] of Global Pointer Directory
               0 [       0] RVA [size] of Thread Storage Directory
           17750 [     148] RVA [size] of Load Configuration Directory
               0 [       0] RVA [size] of Bound Import Directory
           17000 [     170] RVA [size] of Import Address Table Directory
               0 [       0] RVA [size] of Delay Import Directory
               0 [       0] RVA [size] of COM Descriptor Directory
               0 [       0] RVA [size] of Reserved Directory


SECTION HEADER #1
   .text name
   157D7 virtual size
    1000 virtual address (0000000140001000 to 00000001400167D6)
   15800 size of raw data
     400 file pointer to raw data (00000400 to 00015BFF)
       0 file pointer to relocation table
       0 file pointer to line numbers
       0 number of relocations
       0 number of line numbers
68000020 flags
         Code
         Not Paged
         Execute Read

SECTION HEADER #2
  .rdata name
    17D0 virtual size
   17000 virtual address (0000000140017000 to 00000001400187CF)
    1800 size of raw data
   15C00 file pointer to raw data (00015C00 to 000173FF)
       0 file pointer to relocation table
       0 file pointer to line numbers
       0 number of relocations
       0 number of line numbers
48000040 flags
         Initialized Data
         Not Paged
         Read Only

  Debug Directories

        Time Type        Size      RVA  Pointer
    -------- ------- -------- -------- --------
    6AC960DA cv            59 00017900    16500    Format: RSDS, {BFC059B5-DE9C-4A76-8AE0-B1C3CDB2FD5F}, 1, E:\edk2-samurai-out\rx62\build-output\attempt-03\qcwdfserial.pdb
    6AC960DA coffgrp      218 0001795C    1655C

SECTION HEADER #3
   .data name
     574 virtual size
   19000 virtual address (0000000140019000 to 0000000140019573)
     200 size of raw data
   17400 file pointer to raw data (00017400 to 000175FF)
       0 file pointer to relocation table
       0 file pointer to line numbers
       0 number of relocations
       0 number of line numbers
C8000040 flags
         Initialized Data
         Not Paged
         Read Write

SECTION HEADER #4
  .pdata name
     888 virtual size
   1A000 virtual address (000000014001A000 to 000000014001A887)
     A00 size of raw data
   17600 file pointer to raw data (00017600 to 00017FFF)
       0 file pointer to relocation table
       0 file pointer to line numbers
       0 number of relocations
       0 number of line numbers
48000040 flags
         Initialized Data
         Not Paged
         Read Only

SECTION HEADER #5
    PAGE name
     56C virtual size
   1B000 virtual address (000000014001B000 to 000000014001B56B)
     600 size of raw data
   18000 file pointer to raw data (00018000 to 000185FF)
       0 file pointer to relocation table
       0 file pointer to line numbers
       0 number of relocations
       0 number of line numbers
60000020 flags
         Code
         Execute Read

SECTION HEADER #6
    INIT name
     568 virtual size
   1C000 virtual address (000000014001C000 to 000000014001C567)
     600 size of raw data
   18600 file pointer to raw data (00018600 to 00018BFF)
       0 file pointer to relocation table
       0 file pointer to line numbers
       0 number of relocations
       0 number of line numbers
62000020 flags
         Code
         Discardable
         Execute Read

  Section contains the following imports:

    ntoskrnl.exe
             140017048 Import Address Table
             14001C0C8 Import Name Table
                     0 time date stamp
                     0 Index of first forwarder reference

                         6FB ObfDereferenceObject
                         CEB strncpy_s
                         CEF strstr
                         D09 wcsncpy_s
                         93A RtlInitUnicodeString
                         A28 RtlUnicodeStringToAnsiString
                         856 RtlAppendUnicodeStringToString
                         8F5 RtlFreeAnsiString
                         878 RtlCompareMemory
                         4F0 KeInitializeDpc
                         4F4 KeInitializeEvent
                         4FE KeInitializeTimer
                         776 PsCreateSystemThread
                         82F PsTerminateSystemThread
                         468 IoWMIRegistrationControl
                         6EB ObReferenceObjectByHandle
                         B6A ZwClose
                         CF2 swprintf_s
                         CE6 strlen
                         60A MmGetSystemRoutineAddress
                         891 RtlCopyUnicodeString
                         4B0 KeCancelTimer
                         593 KeSetTimer
                         CC6 isspace
                         CC5 isprint
                         CAD _vsnprintf
                         5B2 KeWaitForMultipleObjects
                          FC ExFreePoolWithTag
                         5B4 KeWaitForSingleObject
                          CF ExAllocatePoolWithTag
                          77 DbgPrintEx
                         4C0 KeDelayExecutionThread
                         4B5 KeClearEvent
                         D04 wcslen
                         476 IofCompleteRequest
                         583 KeSetEvent

    WMILIB.SYS
             140017030 Import Address Table
             14001C0B0 Import Name Table
                     0 time date stamp
                     0 Index of first forwarder reference

                           2 WmiCompleteRequest
                           4 WmiSystemControl

    WDFLDR.SYS
             140017000 Import Address Table
             14001C080 Import Name Table
                     0 time date stamp
                     0 Index of first forwarder reference

                           8 WdfVersionUnbind
                           3 WdfLdrQueryInterface
                           6 WdfVersionBind
                           9 WdfVersionUnbindClass
                           7 WdfVersionBindClass

SECTION HEADER #7
   .rsrc name
     3D8 virtual size
   1D000 virtual address (000000014001D000 to 000000014001D3D7)
     400 size of raw data
   18C00 file pointer to raw data (00018C00 to 00018FFF)
       0 file pointer to relocation table
       0 file pointer to line numbers
       0 number of relocations
       0 number of line numbers
42000040 flags
         Initialized Data
         Discardable
         Read Only

SECTION HEADER #8
  .reloc name
      40 virtual size
   1E000 virtual address (000000014001E000 to 000000014001E03F)
     200 size of raw data
   19000 file pointer to raw data (00019000 to 000191FF)
       0 file pointer to relocation table
       0 file pointer to line numbers
       0 number of relocations
       0 number of line numbers
42000040 flags
         Initialized Data
         Discardable
         Read Only

  Summary

        1000 .data
        1000 .pdata
        2000 .rdata
        1000 .reloc
        1000 .rsrc
       16000 .text
        1000 INIT
        1000 PAGE
