Processing directory (E:\edk2-samurai-out\rx62\package-unsigned\) file (qceudexp.cat)
Processing directory (E:\edk2-samurai-out\rx62\package-unsigned\) file (qceudexp.inf)
Processing directory (E:\edk2-samurai-out\rx62\package-unsigned\) file (qcwdfserial.sys)
Parsing INF: E:\edk2-samurai-out\rx62\package-unsigned\qceudexp.inf
Finished parsing INFs
Processing INF: E:\edk2-samurai-out\rx62\package-unsigned\qceudexp.inf
Finished processing INFs
Testing driver package...
Testing driver package...
Testing driver package...
Testing driver package...
Testing driver package...
Testing driver package...
Testing driver package...
Testing driver package...
Testing driver package...
Testing driver package...
Testing driver package...
Testing driver package...
Testing driver package...
Testing driver package...
Testing driver package...
Testing driver package...
Testing driver package...
Testing driver package...

Signability test complete.

Errors:
None

Warnings:
None
