  CC      drivers/gpu/drm/msm/disp/dpu1/dpu_core_perf.o
  CC      drivers/gpu/drm/msm/disp/dpu1/dpu_crtc.o
  CC      drivers/gpu/drm/msm/disp/dpu1/dpu_encoder.o
  CC      drivers/gpu/drm/msm/disp/dpu1/dpu_encoder_phys_cmd.o
  CC      drivers/gpu/drm/msm/disp/dpu1/dpu_encoder_phys_vid.o
  CC      drivers/gpu/drm/msm/disp/dpu1/dpu_encoder_phys_wb.o
  CC      drivers/gpu/drm/msm/disp/dpu1/dpu_hw_ctl.o
  CC      drivers/gpu/drm/msm/disp/dpu1/dpu_hw_interrupts.o
  CC      drivers/gpu/drm/msm/disp/dpu1/dpu_hw_intf.o
  CC      drivers/gpu/drm/msm/disp/dpu1/dpu_hw_pingpong.o
  CC      drivers/gpu/drm/msm/disp/dpu1/dpu_hw_merge3d.o
  CC      drivers/gpu/drm/msm/disp/dpu1/dpu_kms.o
  CC      drivers/gpu/drm/msm/disp/dpu1/dpu_plane.o
  CC      drivers/gpu/drm/msm/disp/dpu1/dpu_rm.o
  CC      drivers/gpu/drm/msm/disp/dpu1/dpu_vbif.o
  CC      drivers/gpu/drm/msm/disp/dpu1/dpu_writeback.o
drivers/gpu/drm/msm/disp/dpu1/dpu_rm.c: In function ‘dpu_rm_clear_boot_config’:
drivers/gpu/drm/msm/disp/dpu1/dpu_rm.c:224:24: error: implicit declaration of function ‘to_dpu_hw_intf’; did you mean ‘to_dpu_hw_ctl’? [-Wimplicit-function-declaration]
  224 |                 intf = to_dpu_hw_intf(rm->intf_blks[cat->intf[i].id - INTF_0]);
      |                        ^~~~~~~~~~~~~~
      |                        to_dpu_hw_ctl
drivers/gpu/drm/msm/disp/dpu1/dpu_rm.c:224:43: error: ‘struct dpu_rm’ has no member named ‘intf_blks’; did you mean ‘ctl_blks’?
  224 |                 intf = to_dpu_hw_intf(rm->intf_blks[cat->intf[i].id - INTF_0]);
      |                                           ^~~~~~~~~
      |                                           ctl_blks
make[6]: *** [scripts/Makefile.build:290: drivers/gpu/drm/msm/disp/dpu1/dpu_rm.o] Error 1
make[6]: *** Waiting for unfinished jobs....
make[5]: *** [scripts/Makefile.build:551: drivers/gpu/drm/msm] Error 2
make[4]: *** [scripts/Makefile.build:551: drivers/gpu/drm] Error 2
make[3]: *** [scripts/Makefile.build:551: drivers/gpu] Error 2
make[2]: *** [scripts/Makefile.build:551: drivers] Error 2
make[1]: *** [/home/cy122/x2pro-linux/linux/Makefile:2229: .] Error 2
make: *** [Makefile:248: __sub-make] Error 2
