checking for aarch64-linux-gnu-gcc... aarch64-linux-gnu-gcc
checking whether the C compiler works... yes
checking for C compiler default output file name... a.out
checking for suffix of executables... 
checking whether we are cross compiling... yes
checking for suffix of object files... o
checking whether the compiler supports GNU C... yes
checking whether aarch64-linux-gnu-gcc accepts -g... yes
checking for aarch64-linux-gnu-gcc option to enable C11 features... none needed
configure: No $CFLAGS set... using "-Os -W -Wall" for GCC
configure: Setting LTM_CFLAGS to -O3 -funroll-loops -fomit-frame-pointer
configure: Checking if compiler 'aarch64-linux-gnu-gcc' supports -Wno-pointer-sign
configure: Setting -Wno-pointer-sign
configure: Checking if compiler 'aarch64-linux-gnu-gcc' supports -fno-strict-overflow
configure: Setting -fno-strict-overflow
configure: Checking if compiler 'aarch64-linux-gnu-gcc' supports -Wundef
configure: Setting -Wundef
configure: Static Build
configure: Checking for available hardened build flags:
configure: Setting -fstack-protector-strong
configure: Setting -D_FORTIFY_SOURCE=2
configure: Not setting -mfunction-return=thunk
configure: Not setting -mindirect-branch=thunk
checking for special C compiler options needed for large files... no
checking for _FILE_OFFSET_BITS value needed for large files... no
checking build system type... x86_64-pc-linux-gnu
checking host system type... aarch64-unknown-linux-gnu
checking for aarch64-linux-gnu-ar... aarch64-linux-gnu-ar
checking for aarch64-linux-gnu-ranlib... aarch64-linux-gnu-ranlib
checking for aarch64-linux-gnu-strip... aarch64-linux-gnu-strip
checking for a BSD-compatible install... /usr/bin/install -c
checking for aarch64-linux-gnu-gcc options needed to detect all undeclared functions... none needed
checking for stdio.h... yes
checking for stdlib.h... yes
checking for string.h... yes
checking for inttypes.h... yes
checking for stdint.h... yes
checking for strings.h... yes
checking for sys/stat.h... yes
checking for sys/types.h... yes
checking for unistd.h... yes
checking for sys/select.h... yes
checking for sys/socket.h... yes
checking whether __UCLIBC__ is declared... no
checking for crypt... no
checking for crypt in -lcrypt... no
configure: Disabling zlib
configure: Disabling PAM
configure: Using openpty if available
checking for library containing openpty... none required
configure: Enabling syslog
checking for shadow.h... yes
configure: Using shadow passwords if available
configure: Disabling support for External Public Key Authentication
configure: Disabling fuzzing
checking for sys/wait.h that is POSIX.1 compatible... yes
checking for netinet/in.h... yes
checking for netinet/tcp.h... yes
checking for crypt.h... yes
checking for pty.h... yes
checking for libutil.h... no
checking for libgen.h... yes
checking for inttypes.h... (cached) yes
checking for stropts.h... no
checking for utmp.h... yes
checking for utmpx.h... yes
checking for lastlog.h... yes
checking for paths.h... yes
checking for util.h... no
checking for netdb.h... yes
checking for security/pam_appl.h... no
checking for pam/pam_appl.h... no
checking for netinet/in_systm.h... yes
checking for sys/uio.h... yes
checking for linux/pkt_sched.h... yes
checking for sys/random.h... yes
checking for sys/prctl.h... yes
checking for an ANSI C-conforming const... yes
checking how to run the C preprocessor... aarch64-linux-gnu-gcc -E
checking for grep that handles long lines and -e... /usr/bin/grep
checking for egrep... /usr/bin/grep -E
checking for uid_t in sys/types.h... yes
checking for mode_t... yes
checking for pid_t... yes
checking for size_t... yes
checking for uint8_t... yes
checking for u_int8_t... yes
checking for uint16_t... yes
checking for u_int16_t... yes
checking for uint32_t... yes
checking for u_int32_t... yes
checking for struct sockaddr_storage... no
checking for socklen_t... yes
checking for struct sockaddr_storage... yes
checking for struct sockaddr_in6... yes
checking for struct in6_addr... yes
checking for struct addrinfo... yes
checking for gai_strerror... yes
checking for struct utmp.ut_host... yes
checking for struct utmp.ut_pid... yes
checking for struct utmp.ut_type... yes
checking for struct utmp.ut_tv... yes
checking for struct utmp.ut_id... yes
checking for struct utmp.ut_addr... yes
checking for struct utmp.ut_addr_v6... yes
checking for struct utmp.ut_exit... yes
checking for struct utmp.ut_time... yes
checking for struct utmpx.ut_host... yes
checking for struct utmpx.ut_syslen... no
checking for struct utmpx.ut_type... yes
checking for struct utmpx.ut_id... yes
checking for struct utmpx.ut_addr... no
checking for struct utmpx.ut_addr_v6... yes
checking for struct utmpx.ut_time... no
checking for struct utmpx.ut_tv... yes
checking for struct sockaddr_storage.ss_family... yes
checking for endutent... yes
checking for getutent... yes
checking for getutid... yes
checking for getutline... yes
checking for pututline... yes
checking for setutent... yes
checking for utmpname... yes
checking for endutxent... yes
checking for getutxent... yes
checking for getutxid... yes
checking for getutxline... yes
checking for pututxline... yes
checking for setutxent... yes
checking for utmpxname... yes
checking for logout... yes
checking for updwtmp... yes
checking for logwtmp... yes
checking for setresgid... yes
checking for endian.h... yes
checking for sys/endian.h... no
checking for htole64... no
checking whether htole64 is declared... yes
checking for clock_gettime... yes
checking for mach/mach_time.h... no
checking for mach_absolute_time... no
checking for explicit_bzero... yes
checking for memset_s... no
checking for getrandom... yes
checking for mp_to_ubin in -ltommath... no
checking for poly1305_init in -ltomcrypt... no
checking for library containing login... none required
checking for logout... (cached) yes
checking for updwtmp... (cached) yes
checking for logwtmp... (cached) yes
checking if your system defines LASTLOG_FILE... no
checking if your system defines _PATH_LASTLOG... yes
checking if your system defines UTMP_FILE... yes
checking if your system defines WTMP_FILE... yes
checking if your system defines UTMPX_FILE... yes
checking if your system defines WTMPX_FILE... yes
checking whether aarch64-linux-gnu-gcc needs -traditional... no
checking for working memcmp... no
checking types of arguments for select... int,fd_set *,struct timeval *
checking for getpass... yes
checking for getspnam... yes
checking for getusershell... yes
checking for putenv... yes
checking for clearenv... yes
checking for strlcpy... yes
checking for strlcat... yes
checking for daemon... yes
checking for basename... yes
checking for _getpty... no
checking for getaddrinfo... yes
checking for freeaddrinfo... yes
checking for getnameinfo... yes
checking for fork... yes
checking for writev... yes
checking for getgrouplist... yes
checking for fexecve... yes
checking for library containing basename... none required
checking for static_assert... yes
checking for _Static_assert... yes
configure: creating ./config.status
config.status: creating Makefile
config.status: creating libtomcrypt/Makefile
config.status: creating libtommath/Makefile
config.status: creating test/Makefile
config.status: creating config.h
config.status: config.h is unchanged
configure: 
configure: Using bundled libtomcrypt and libtommath
configure: 
configure: WARNING: crypt() is not available, dropbear server will not have password authentication
configure: Some platforms require libcrypt-dev package or similar
configure: 
configure: Now edit localoptions.h to choose features.
